CCS PCM C Compiler, Version 4.068, 33167               03-out-14 12:30

               Filename: main.lst

               ROM used: 96 words (1%)
                         Largest free fragment is 2048
               RAM used: 7 (2%) at main() level
                         7 (2%) worst case
               Stack:    0 locations

*
0000:  MOVLW  00
0001:  MOVWF  0A
0002:  GOTO   004
0003:  NOP
.................... #include <16F877A.h> 
.................... //////// Standard Header file for the PIC16F877A device //////////////// 
.................... #device PIC16F877A 
.................... #list 
....................  
.................... #device adc=16 
....................  
.................... #FUSES NOWDT                    //No Watch Dog Timer 
.................... #FUSES XT                       //Crystal osc <= 4mhz 
.................... #FUSES NOPUT                    //No Power Up Timer 
.................... #FUSES NOPROTECT                //Code not protected from reading 
.................... #FUSES NODEBUG                  //No Debug mode for ICD 
.................... #FUSES NOBROWNOUT               //No brownout reset 
.................... #FUSES NOLVP                    //No low voltage prgming, B3(PIC16) or B5(PIC18) used for I/O 
.................... #FUSES NOCPD                    //No EE protection 
.................... #FUSES WRT_50%                  //Lower half of Program Memory is Write Protected 
....................  
.................... #use delay(clock=4000000) 
....................  
....................  
....................  
.................... void main() 
.................... { 
*
0004:  CLRF   04
0005:  BCF    03.7
0006:  MOVLW  1F
0007:  ANDWF  03,F
0008:  BSF    03.5
0009:  BSF    1F.0
000A:  BSF    1F.1
000B:  BSF    1F.2
000C:  BCF    1F.3
000D:  MOVLW  07
000E:  MOVWF  1C
....................  
....................    setup_adc_ports(AN0_AN1_AN3); 
*
0012:  BSF    03.5
0013:  BCF    1F.0
0014:  BCF    1F.1
0015:  BSF    1F.2
0016:  BCF    1F.3
....................    setup_adc(ADC_CLOCK_INTERNAL); 
0017:  BCF    1F.6
0018:  BCF    03.5
0019:  BSF    1F.6
001A:  BSF    1F.7
001B:  BSF    03.5
001C:  BCF    1F.7
001D:  BCF    03.5
001E:  BSF    1F.0
....................    setup_psp(PSP_DISABLED); 
001F:  BSF    03.5
0020:  BCF    09.4
....................    setup_spi(SPI_SS_DISABLED); 
0021:  BCF    03.5
0022:  BCF    14.5
0023:  BCF    20.5
0024:  MOVF   20,W
0025:  BSF    03.5
0026:  MOVWF  07
0027:  BCF    03.5
0028:  BSF    20.4
0029:  MOVF   20,W
002A:  BSF    03.5
002B:  MOVWF  07
002C:  BCF    03.5
002D:  BCF    20.3
002E:  MOVF   20,W
002F:  BSF    03.5
0030:  MOVWF  07
0031:  MOVLW  01
0032:  BCF    03.5
0033:  MOVWF  14
0034:  MOVLW  00
0035:  BSF    03.5
0036:  MOVWF  14
....................    setup_timer_0(RTCC_INTERNAL|RTCC_DIV_1); 
0037:  MOVF   01,W
0038:  ANDLW  C7
0039:  IORLW  08
003A:  MOVWF  01
....................    setup_timer_1(T1_DISABLED); 
003B:  BCF    03.5
003C:  CLRF   10
....................    setup_timer_2(T2_DIV_BY_1,199,1); 
003D:  MOVLW  00
003E:  MOVWF  78
003F:  IORLW  04
0040:  MOVWF  12
0041:  MOVLW  C7
0042:  BSF    03.5
0043:  MOVWF  12
....................    setup_ccp1(CCP_PWM); 
0044:  BCF    03.5
0045:  BCF    20.2
0046:  MOVF   20,W
0047:  BSF    03.5
0048:  MOVWF  07
0049:  BCF    03.5
004A:  BCF    07.2
004B:  MOVLW  0C
004C:  MOVWF  17
....................    set_pwm1_duty(400); 
004D:  MOVLW  64
004E:  MOVWF  15
004F:  MOVF   17,W
0050:  ANDLW  CF
0051:  MOVWF  17
....................    setup_comparator(NC_NC_NC_NC); 
0052:  MOVLW  07
0053:  BSF    03.5
0054:  MOVWF  1C
0055:  MOVF   05,W
0056:  MOVLW  03
0057:  MOVWF  77
0058:  DECFSZ 77,F
0059:  GOTO   058
005A:  MOVF   1C,W
005B:  BCF    03.5
005C:  BCF    0D.6
....................    setup_vref(FALSE); 
005D:  BSF    03.5
005E:  CLRF   1D
....................  
....................    // TODO: USER CODE!! 
....................  
.................... } 
005F:  SLEEP

Configuration Fuses:
   Word  1: 3939   XT NOWDT NOPUT NODEBUG NOPROTECT NOBROWNOUT NOLVP NOCPD WRT_50%
